******************************************************************************
                  TI ARM Linker PC v18.12.1                    
******************************************************************************
>> Linked Mon Sep 23 00:38:27 2019

OUTPUT FILE NAME:   <hello.out>
ENTRY POINT SYMBOL: "_c_int00_noargs"  address: 00000e01


MEMORY CONFIGURATION

         name            origin    length      used     unused   attr    fill
----------------------  --------  ---------  --------  --------  ----  --------
  FLASH                 00000000   00040000  0000136a  0003ec96  R  X
  SRAM                  20000000   00008000  00000477  00007b89  RW X


SEGMENT ALLOCATION MAP

run origin  load origin   length   init length attrs members
----------  ----------- ---------- ----------- ----- -------
00000000    00000000    00001370   00001370    r-x
  00000000    00000000    0000026c   0000026c    r-- .intvecs
  0000026c    0000026c    00000d22   00000d22    r-x .text
  00000f90    00000f90    0000039c   0000039c    r-- .const
  00001330    00001330    00000040   00000040    r-- .cinit
20000000    20000000    00000477   00000000    rw-
  20000000    20000000    0000026c   00000000    rw- .vtable
  2000026c    2000026c    00000004   00000000    rw- .bss
  20000270    20000270    00000200   00000000    rw- .stack
  20000470    20000470    00000007   00000000    rw- .data


SECTION ALLOCATION MAP

 output                                  attributes/
section   page    origin      length       input sections
--------  ----  ----------  ----------   ----------------
.intvecs   0    00000000    0000026c     
                  00000000    0000026c     startup_ccs.obj (.intvecs)

.text      0    0000026c    00000d22     
                  0000026c    000001ea     uartstdio.obj (.text:UARTvprintf)
                  00000456    00000132     driverlib.lib : gpio.obj (.text:GPIOPadConfigSet)
                  00000588    00000110                   : sysctl.obj (.text:SysCtlClockGet)
                  00000698    000000a4     main.obj (.text:main)
                  0000073c    0000009c     rtsv7M4_T_le_v4SPD16_eabi.lib : memcpy_t2.asm.obj (.text)
                  000007d8    00000098     uart.obj (.text:UART1_Handler)
                  00000870    00000080     uart.obj (.text:UART1_Init)
                  000008f0    0000006c     button.obj (.text:Button_Init)
                  0000095c    00000068     driverlib.lib : interrupt.obj (.text:IntEnable)
                  000009c4    00000068     rtsv7M4_T_le_v4SPD16_eabi.lib : copy_decompress_lzss.c.obj (.text:decompress:lzss:__TI_decompress_lzss)
                  00000a2c    00000064     uart.obj (.text:UART0_Init)
                  00000a90    00000060     uartstdio.obj (.text:UARTStdioConfig)
                  00000af0    00000056     driverlib.lib : gpio.obj (.text:GPIOIntTypeSet)
                  00000b46    00000002     startup_ccs.obj (.text:FaultISR)
                  00000b48    00000048     driverlib.lib : gpio.obj (.text:GPIOPinConfigure)
                  00000b90    00000048     uartstdio.obj (.text:UARTwrite)
                  00000bd8    00000046     driverlib.lib : uart.obj (.text:UARTConfigSetExpClk)
                  00000c1e    00000002     startup_ccs.obj (.text:IntDefaultHandler)
                  00000c20    00000044     driverlib.lib : gpio.obj (.text:_GPIOIntNumberGet)
                  00000c64    00000044     rtsv7M4_T_le_v4SPD16_eabi.lib : autoinit.c.obj (.text:__TI_auto_init_nobinit_nopinit:__TI_auto_init_nobinit_nopinit)
                  00000ca8    00000040     driverlib.lib : uart.obj (.text:_UARTIntNumberGet)
                  00000ce8    00000040     rtsv7M4_T_le_v4SPD16_eabi.lib : u_divt2.asm.obj (.text)
                  00000d28    00000038     button.obj (.text:Button_Handler)
                  00000d60    00000038     driverlib.lib : sysctl.obj (.text:SysCtlPeripheralReady)
                  00000d98    00000034                   : interrupt.obj (.text:IntRegister)
                  00000dcc    00000034                   : sysctl.obj (.text:SysCtlPeripheralEnable)
                  00000e00    00000034     rtsv7M4_T_le_v4SPD16_eabi.lib : boot_cortex_m.c.obj (.text:_c_int00_noargs:_c_int00_noargs)
                  00000e34    0000002a     driverlib.lib : gpio.obj (.text:GPIODirModeSet)
                  00000e5e    00000002     startup_ccs.obj (.text:NmiSR)
                  00000e60    00000020     driverlib.lib : uart.obj (.text:UARTDisable)
                  00000e80    0000001a     uartstdio.obj (.text:UARTprintf)
                  00000e9a    00000018     driverlib.lib : gpio.obj (.text:GPIOIntRegister)
                  00000eb2    00000018                   : uart.obj (.text:UARTIntRegister)
                  00000eca    00000014                   : uart.obj (.text:UARTEnable)
                  00000ede    00000012                   : gpio.obj (.text:GPIOPinTypeGPIOInput)
                  00000ef0    00000012                   : gpio.obj (.text:GPIOPinTypeUART)
                  00000f02    00000012     rtsv7M4_T_le_v4SPD16_eabi.lib : copy_zero_init.c.obj (.text:decompress:ZI:__TI_zero_init_nomemset:__TI_zero_init_nomemset)
                  00000f14    0000000e     driverlib.lib : uart.obj (.text:UARTCharPutNonBlocking)
                  00000f22    0000000e                   : uart.obj (.text:UARTCharsAvail)
                  00000f30    0000000e     rtsv7M4_T_le_v4SPD16_eabi.lib : copy_decompress_none.c.obj (.text:decompress:none:__TI_decompress_none)
                  00000f3e    0000000c     driverlib.lib : gpio.obj (.text:GPIOIntEnable)
                  00000f4a    00000002     rtsv7M4_T_le_v4SPD16_eabi.lib : div0.asm.obj (.text)
                  00000f4c    0000000c     uart.obj (.text:UART1_Send)
                  00000f58    0000000a     driverlib.lib : uart.obj (.text:UARTCharGet)
                  00000f62    00000008                   : uart.obj (.text:UARTIntEnable)
                  00000f6a    00000006                   : gpio.obj (.text:GPIOIntClear)
                  00000f70    00000006                   : gpio.obj (.text:GPIOPinRead)
                  00000f76    00000006     startup_ccs.obj (.text:ResetISR)
                  00000f7c    00000006     driverlib.lib : uart.obj (.text:UARTClockSourceSet)
                  00000f82    00000004                   : uart.obj (.text:UARTIntClear)
                  00000f86    00000004     rtsv7M4_T_le_v4SPD16_eabi.lib : pre_init.c.obj (.text:_system_pre_init)
                  00000f8a    00000004                                   : exit.c.obj (.text:abort:abort)

.const     0    00000f90    0000039c     
                  00000f90    000000d8     driverlib.lib : gpio.obj (.const:g_ppui32GPIOIntMapSnowflake)
                  00001068    000000c0                   : gpio.obj (.const:g_ppui32GPIOIntMapBlizzard)
                  00001128    00000090                   : gpio.obj (.const:g_pui32GPIOBaseAddrs)
                  000011b8    00000070                   : interrupt.obj (.const)
                  00001228    0000006c                   : sysctl.obj (.const:g_pui32Xtals)
                  00001294    00000040                   : uart.obj (.const:g_ppui32UARTIntMap)
                  000012d4    00000040                   : uart.obj (.const:g_ppui32UARTIntMapSnowflake)
                  00001314    0000000c     uartstdio.obj (.const:g_ui32UARTBase)
                  00001320    0000000c     uartstdio.obj (.const:g_ui32UARTPeriph)

.cinit     0    00001330    00000040     
                  00001330    0000000c     (__TI_handler_table)
                  0000133c    00000004     --HOLE-- [fill = 0]
                  00001340    00000008     (.cinit..bss.load) [load image, compression = zero_init]
                  00001348    00000008     (.cinit..vtable.load) [load image, compression = zero_init]
                  00001350    00000007     (.cinit..data.load) [load image, compression = lzss]
                  00001357    00000001     --HOLE-- [fill = 0]
                  00001358    00000018     (__TI_cinit_table)

.init_array 
*          0    00000000    00000000     UNINITIALIZED

.vtable    0    20000000    0000026c     UNINITIALIZED
                  20000000    0000026c     driverlib.lib : interrupt.obj (.vtable)

.bss       0    2000026c    00000004     UNINITIALIZED
                  2000026c    00000001     (.common:hours)
                  2000026d    00000001     (.common:mintues)
                  2000026e    00000001     (.common:seconds)
                  2000026f    00000001     (.common:speed)

.data      0    20000470    00000007     UNINITIALIZED
                  20000470    00000005     uartstdio.obj (.data)
                  20000475    00000002     uart.obj (.data)

.stack     0    20000270    00000200     UNINITIALIZED
                  20000270    00000004     rtsv7M4_T_le_v4SPD16_eabi.lib : boot_cortex_m.c.obj (.stack)
                  20000274    000001fc     --HOLE--

MODULE SUMMARY

       Module                       code   ro data   rw data
       ------                       ----   -------   -------
    .\
       startup_ccs.obj              12     620       0      
       uart.obj                     392    0         6      
       button.obj                   164    0         0      
       main.obj                     164    0         0      
    +--+----------------------------+------+---------+---------+
       Total:                       732    620       6      
                                                            
    .\utils\
       uartstdio.obj                684    24        5      
    +--+----------------------------+------+---------+---------+
       Total:                       684    24        5      
                                                            
    C:/ti/TivaWare_C_Series-2.1.4.178/driverlib/ccs/Debug/driverlib.lib
       gpio.obj                     658    552       0      
       interrupt.obj                156    112       620    
       sysctl.obj                   380    108       0      
       uart.obj                     266    128       0      
    +--+----------------------------+------+---------+---------+
       Total:                       1460   900       620    
                                                            
    C:\ti\ccs901\ccs\tools\compiler\ti-cgt-arm_18.12.1.LTS\lib\rtsv7M4_T_le_v4SPD16_eabi.lib
       memcpy_t2.asm.obj            156    0         0      
       copy_decompress_lzss.c.obj   104    0         0      
       autoinit.c.obj               68     0         0      
       u_divt2.asm.obj              64     0         0      
       boot_cortex_m.c.obj          52     0         0      
       copy_zero_init.c.obj         18     0         0      
       copy_decompress_none.c.obj   14     0         0      
       exit.c.obj                   4      0         0      
       pre_init.c.obj               4      0         0      
       div0.asm.obj                 2      0         0      
    +--+----------------------------+------+---------+---------+
       Total:                       486    0         0      
                                                            
       Stack:                       0      0         512    
       Linker Generated:            0      59        0      
    +--+----------------------------+------+---------+---------+
       Grand Total:                 3362   1603      1143   


LINKER GENERATED COPY TABLES

__TI_cinit_table @ 00001358 records: 3, size/record: 8, table size: 24
	.bss: load addr=00001340, load size=00000008 bytes, run addr=2000026c, run size=00000004 bytes, compression=zero_init
	.vtable: load addr=00001348, load size=00000008 bytes, run addr=20000000, run size=0000026c bytes, compression=zero_init
	.data: load addr=00001350, load size=00000007 bytes, run addr=20000470, run size=00000007 bytes, compression=lzss


LINKER GENERATED HANDLER TABLE

__TI_handler_table @ 00001330 records: 3, size/record: 4, table size: 12
	index: 0, handler: __TI_zero_init
	index: 1, handler: __TI_decompress_lzss
	index: 2, handler: __TI_decompress_none


GLOBAL SYMBOLS: SORTED ALPHABETICALLY BY Name 

address   name                          
-------   ----                          
00000d29  Button_Handler                
000008f1  Button_Init                   
00000f8b  C$$EXIT                       
00000e35  GPIODirModeSet                
00000f6b  GPIOIntClear                  
00000f3f  GPIOIntEnable                 
00000e9b  GPIOIntRegister               
00000af1  GPIOIntTypeSet                
00000457  GPIOPadConfigSet              
00000b49  GPIOPinConfigure              
00000f71  GPIOPinRead                   
00000edf  GPIOPinTypeGPIOInput          
00000ef1  GPIOPinTypeUART               
0000095d  IntEnable                     
00000d99  IntRegister                   
00000f77  ResetISR                      
00000589  SysCtlClockGet                
00000dcd  SysCtlPeripheralEnable        
00000d61  SysCtlPeripheralReady         
00000a2d  UART0_Init                    
000007d9  UART1_Handler                 
00000871  UART1_Init                    
00000f4d  UART1_Send                    
00000f59  UARTCharGet                   
00000f15  UARTCharPutNonBlocking        
00000f23  UARTCharsAvail                
00000f7d  UARTClockSourceSet            
00000bd9  UARTConfigSetExpClk           
00000e61  UARTDisable                   
00000ecb  UARTEnable                    
00000f83  UARTIntClear                  
00000f63  UARTIntEnable                 
00000eb3  UARTIntRegister               
00000a91  UARTStdioConfig               
00000e81  UARTprintf                    
0000026d  UARTvprintf                   
00000b91  UARTwrite                     
20000470  __STACK_END                   
00000200  __STACK_SIZE                  
20000470  __STACK_TOP                   
00001358  __TI_CINIT_Base               
00001370  __TI_CINIT_Limit              
00001330  __TI_Handler_Table_Base       
0000133c  __TI_Handler_Table_Limit      
00000c65  __TI_auto_init_nobinit_nopinit
000009c5  __TI_decompress_lzss          
00000f31  __TI_decompress_none          
ffffffff  __TI_pprof_out_hndl           
ffffffff  __TI_prof_data_size           
ffffffff  __TI_prof_data_start          
00000000  __TI_static_base__            
00000f03  __TI_zero_init_nomemset       
00000f4b  __aeabi_idiv0                 
00000f4b  __aeabi_ldiv0                 
0000073d  __aeabi_memcpy                
0000073d  __aeabi_memcpy4               
0000073d  __aeabi_memcpy8               
00000ce9  __aeabi_uidiv                 
00000ce9  __aeabi_uidivmod              
ffffffff  __binit__                     
ffffffff  __c_args__                    
UNDEFED   __mpu_init                    
20000270  __stack                       
00000e01  _c_int00_noargs               
UNDEFED   _system_post_cinit            
00000f87  _system_pre_init              
00000f8b  abort                         
ffffffff  binit                         
20000475  flag                          
20000000  g_pfnRAMVectors               
00000000  g_pfnVectors                  
2000026c  hours                         
00000699  main                          
0000073d  memcpy                        
2000026d  mintues                       
2000026e  seconds                       
2000026f  speed                         


GLOBAL SYMBOLS: SORTED BY Symbol Address 

address   name                          
-------   ----                          
00000000  __TI_static_base__            
00000000  g_pfnVectors                  
00000200  __STACK_SIZE                  
0000026d  UARTvprintf                   
00000457  GPIOPadConfigSet              
00000589  SysCtlClockGet                
00000699  main                          
0000073d  __aeabi_memcpy                
0000073d  __aeabi_memcpy4               
0000073d  __aeabi_memcpy8               
0000073d  memcpy                        
000007d9  UART1_Handler                 
00000871  UART1_Init                    
000008f1  Button_Init                   
0000095d  IntEnable                     
000009c5  __TI_decompress_lzss          
00000a2d  UART0_Init                    
00000a91  UARTStdioConfig               
00000af1  GPIOIntTypeSet                
00000b49  GPIOPinConfigure              
00000b91  UARTwrite                     
00000bd9  UARTConfigSetExpClk           
00000c65  __TI_auto_init_nobinit_nopinit
00000ce9  __aeabi_uidiv                 
00000ce9  __aeabi_uidivmod              
00000d29  Button_Handler                
00000d61  SysCtlPeripheralReady         
00000d99  IntRegister                   
00000dcd  SysCtlPeripheralEnable        
00000e01  _c_int00_noargs               
00000e35  GPIODirModeSet                
00000e61  UARTDisable                   
00000e81  UARTprintf                    
00000e9b  GPIOIntRegister               
00000eb3  UARTIntRegister               
00000ecb  UARTEnable                    
00000edf  GPIOPinTypeGPIOInput          
00000ef1  GPIOPinTypeUART               
00000f03  __TI_zero_init_nomemset       
00000f15  UARTCharPutNonBlocking        
00000f23  UARTCharsAvail                
00000f31  __TI_decompress_none          
00000f3f  GPIOIntEnable                 
00000f4b  __aeabi_idiv0                 
00000f4b  __aeabi_ldiv0                 
00000f4d  UART1_Send                    
00000f59  UARTCharGet                   
00000f63  UARTIntEnable                 
00000f6b  GPIOIntClear                  
00000f71  GPIOPinRead                   
00000f77  ResetISR                      
00000f7d  UARTClockSourceSet            
00000f83  UARTIntClear                  
00000f87  _system_pre_init              
00000f8b  C$$EXIT                       
00000f8b  abort                         
00001330  __TI_Handler_Table_Base       
0000133c  __TI_Handler_Table_Limit      
00001358  __TI_CINIT_Base               
00001370  __TI_CINIT_Limit              
20000000  g_pfnRAMVectors               
2000026c  hours                         
2000026d  mintues                       
2000026e  seconds                       
2000026f  speed                         
20000270  __stack                       
20000470  __STACK_END                   
20000470  __STACK_TOP                   
20000475  flag                          
ffffffff  __TI_pprof_out_hndl           
ffffffff  __TI_prof_data_size           
ffffffff  __TI_prof_data_start          
ffffffff  __binit__                     
ffffffff  __c_args__                    
ffffffff  binit                         
UNDEFED   __mpu_init                    
UNDEFED   _system_post_cinit            

[77 symbols]
